<reply result="ok" version="0.5.11">
  <list>
    <elem ruleid="mul exponents">
      <expr>
        a^(-6)
      </expr>
    </elem>
  </list>
</reply>

